
There are no discarded input sections

Memory Configuration

Name             Origin             Length             Attributes
FLASH            0x08000000         0x00080000         xr
RAM              0x20000000         0x00020000         xrw
*default*        0x00000000         0xffffffff

Linker script and memory map

LOAD build/main.o
LOAD build/startup.o
                0x20020000                        _estack = (ORIGIN (RAM) + LENGTH (RAM))

.isr_vector     0x08000000       0x40
 *(.isr_vector)
 .isr_vector    0x08000000       0x40 build/startup.o
                0x08000000                vectors

.text           0x08000040       0xf0
 *(.text)
 .text          0x08000040       0x88 build/main.o
                0x08000040                main
                0x080000a8                SysTick_Handler
 .text          0x080000c8       0x68 build/startup.o
                0x080000c8                Reset_Handler

.glue_7         0x08000130        0x0
 .glue_7        0x08000130        0x0 linker stubs

.glue_7t        0x08000130        0x0
 .glue_7t       0x08000130        0x0 linker stubs

.vfp11_veneer   0x08000130        0x0
 .vfp11_veneer  0x08000130        0x0 linker stubs

.v4_bx          0x08000130        0x0
 .v4_bx         0x08000130        0x0 linker stubs

.iplt           0x08000130        0x0
 .iplt          0x08000130        0x0 build/main.o

.rel.dyn        0x08000130        0x0
 .rel.iplt      0x08000130        0x0 build/main.o

.data           0x20000000       0x14 load address 0x08000130
                0x20000000                        _sdata = .
 *(.data)
 .data          0x20000000       0x14 build/main.o
                0x20000000                rcc_register
                0x20000004                gpioa_moder
                0x20000008                gpioa_odr
                0x2000000c                stk_reg
                0x20000010                stk_load
 .data          0x20000014        0x0 build/startup.o
                0x20000014                        _edata = .
                0x08000130                        _sidata = LOADADDR (.data)

.igot.plt       0x20000014        0x0 load address 0x08000144
 .igot.plt      0x20000014        0x0 build/main.o

.bss            0x20000014        0x0 load address 0x08000144
                0x20000014                        _sbss = .
 *(.bss)
 .bss           0x20000014        0x0 build/main.o
 .bss           0x20000014        0x0 build/startup.o
                0x20000014                        _ebss = .
OUTPUT(build/program.elf elf32-littlearm)
LOAD linker stubs

.debug_info     0x00000000      0x21f
 .debug_info    0x00000000       0xf0 build/main.o
 .debug_info    0x000000f0      0x12f build/startup.o

.debug_abbrev   0x00000000      0x155
 .debug_abbrev  0x00000000       0x83 build/main.o
 .debug_abbrev  0x00000083       0xd2 build/startup.o

.debug_aranges  0x00000000       0x40
 .debug_aranges
                0x00000000       0x20 build/main.o
 .debug_aranges
                0x00000020       0x20 build/startup.o

.debug_line     0x00000000      0x109
 .debug_line    0x00000000       0x69 build/main.o
 .debug_line    0x00000069       0xa0 build/startup.o

.debug_str      0x00000000      0x197
 .debug_str     0x00000000      0x197 build/main.o
                                0x150 (size before relaxing)
 .debug_str     0x00000197      0x18c build/startup.o

.comment        0x00000000       0x26
 .comment       0x00000000       0x26 build/main.o
                                 0x27 (size before relaxing)
 .comment       0x00000026       0x27 build/startup.o

.ARM.attributes
                0x00000000       0x2e
 .ARM.attributes
                0x00000000       0x2e build/main.o
 .ARM.attributes
                0x0000002e       0x2e build/startup.o

.debug_frame    0x00000000       0x7c
 .debug_frame   0x00000000       0x48 build/main.o
 .debug_frame   0x00000048       0x34 build/startup.o
